
> peptide-app@0.1.0 build
> next build

Warning: Custom Cache-Control headers detected for the following routes:
  - /_next/static/:path*
  - /_next/image/:path*

Setting a custom Cache-Control header can break Next.js development behavior.
▲ Next.js 16.2.1 (Turbopack)
- Environments: .env.local
- Experiments (use with caution):
  ✓ optimizeCss

  Creating an optimized production build ...

> Build error occurred
Error: Turbopack build failed with 2 errors:
./src/app/blog/fda-peptide-reclassification-2026/page.tsx:3:1
Module not found: Can't resolve '@/components/auto-link'
  [90m1 |[0m [36mimport[0m [36mtype[0m { [33mMetadata[0m } [36mfrom[0m [32m'next'[0m;
  [90m2 |[0m [36mimport[0m { [33mBreadcrumbs[0m } [36mfrom[0m [32m'@/components/breadcrumbs'[0m;
[31m[1m>[0m [90m3 |[0m [36mimport[0m { [33mAutoLink[0m } [36mfrom[0m [32m'@/components/auto-link'[0m;
  [90m  |[0m [31m[1m^^^^^^^^^^^^^^^^^^^^^^^^^^^^^^^^^^^^^^^^^^^^^^^^^^[0m
  [90m4 |[0m [36mimport[0m [33mLink[0m [36mfrom[0m [32m'next/link'[0m;
  [90m5 |[0m [36mimport[0m [33mImage[0m [36mfrom[0m [32m'next/image'[0m;
  [90m6 |[0m [36mimport[0m { [33mChevronRight[0m, [33mCalendar[0m, [33mUser[0m, [33mArrowLeft[0m, [33mArrowRight[0m, [33mClock[0m, [33mShieldAlert[0m, [33mBookOpen[0m,.[33m..[0m

Import map: aliased to relative './src/components/auto-link' inside of [project]/


https://nextjs.org/docs/messages/module-not-found


./src/app/blog/fda-peptide-reclassification-2026/page.tsx:2:1
Module not found: Can't resolve '@/components/breadcrumbs'
  [90m1 |[0m [36mimport[0m [36mtype[0m { [33mMetadata[0m } [36mfrom[0m [32m'next'[0m;
[31m[1m>[0m [90m2 |[0m [36mimport[0m { [33mBreadcrumbs[0m } [36mfrom[0m [32m'@/components/breadcrumbs'[0m;
  [90m  |[0m [31m[1m^^^^^^^^^^^^^^^^^^^^^^^^^^^^^^^^^^^^^^^^^^^^^^^^^^^^^^^[0m
  [90m3 |[0m [36mimport[0m { [33mAutoLink[0m } [36mfrom[0m [32m'@/components/auto-link'[0m;
  [90m4 |[0m [36mimport[0m [33mLink[0m [36mfrom[0m [32m'next/link'[0m;
  [90m5 |[0m [36mimport[0m [33mImage[0m [36mfrom[0m [32m'next/image'[0m;

Import map: aliased to relative './src/components/breadcrumbs' inside of [project]/


https://nextjs.org/docs/messages/module-not-found


    at <unknown> (./src/app/blog/fda-peptide-reclassification-2026/page.tsx:3:1)
    at <unknown> (https://nextjs.org/docs/messages/module-not-found)
    at <unknown> (./src/app/blog/fda-peptide-reclassification-2026/page.tsx:2:1)
    at <unknown> (https://nextjs.org/docs/messages/module-not-found)
